0 verbose cli /usr/local/bin/node /usr/local/bin/npm
1 info using npm@11.17.0
2 info using node@v24.19.0
3 silly config load:file:/usr/local/lib/node_modules/npm/npmrc
4 silly config load:file:/Users/amirimtiaz/Projects/portfolio/.npmrc
5 silly config load:file:/Users/amirimtiaz/.npmrc
6 silly config load:file:/usr/local/etc/npmrc
7 verbose title npm i
8 verbose argv "i"
9 verbose logfile logs-max:10 dir:/Users/amirimtiaz/Projects/portfolio/.npm-cache/_logs/2026-08-11T21_33_35_390Z-
10 verbose logfile /Users/amirimtiaz/Projects/portfolio/.npm-cache/_logs/2026-08-11T21_33_35_390Z-debug-0.log
11 silly logfile done cleaning log files
12 silly packumentCache heap:2348810240 maxSize:587202560 maxEntrySize:293601280
13 silly idealTree buildDeps
14 silly reify moves {}
15 silly audit report null
16 verbose cwd /Users/amirimtiaz/Projects/portfolio
17 verbose os Darwin 25.5.0
18 verbose node v24.19.0
19 verbose npm  v11.17.0
20 verbose exit 0
21 info ok
